
> stealthlab-frontendv1@0.1.0 build
> next build --turbopack

▲ Next.js 16.3.4 (Turbopack)
- Environments: .env.local
✓ Running next.config.ts took 37ms

  Creating an optimized production build ...
✓ Compiled successfully in 2.5s
  Running TypeScript ...
  Finished TypeScript in 3.2s ...
  Collecting page data using 19 workers ...
  Generating static pages using 19 workers (0/11) ...
  Generating static pages using 19 workers (2/11) 
  Generating static pages using 19 workers (5/11) 
  Generating static pages using 19 workers (8/11) 
✓ Generating static pages using 19 workers (11/11) in 340ms
  Finalizing page optimization ...

Route (app)
┌ ○ /
├ ○ /_not-found
├ ○ /auth
├ ƒ /claims/[id]
├ ƒ /evaluations/[id]
├ ƒ /implementations/[id]
├ ○ /me
├ ○ /problems
├ ƒ /problems/[id]
├ ○ /procedures
├ ƒ /procedures/[id]
├ ƒ /projects/[id]
├ ƒ /repositories/[id]
├ ○ /search
├ ƒ /solutions/[id]
├ ○ /submit
├ ○ /tasks
├ ƒ /tasks/[id]
└ ○ /webmcp


○  (Static)   prerendered as static content
ƒ  (Dynamic)  server-rendered on demand

